// Jest Snapshot v1, https://goo.gl/fbAQLP

exports[`With Snapshot Testing App shows "Hello world!" 1`] = `
<div
  className="jsx-2982525546"
>
  <p
    className="jsx-2982525546"
  >
    Hello World, 
    user
  </p>
  <header
    className="jsx-2982525546"
  >
    <div
      className="jsx-2982525546 menu"
    >
      <div
        className="jsx-2982525546 logo"
      />
      <nav
        className="jsx-2982525546"
      >
        Menu
      </nav>
    </div>
  </header>
</div>
`;
